stm32f7xx_hal_msp.c:86:6:HAL_MspInit	8	static
stm32f7xx_hal_msp.c:108:6:HAL_I2C_MspInit	40	static
stm32f7xx_hal_msp.c:146:6:HAL_I2C_MspDeInit	0	static
stm32f7xx_hal_msp.c:176:6:HAL_TIM_PWM_MspInit	8	static
stm32f7xx_hal_msp.c:193:6:HAL_TIM_MspPostInit	32	static
stm32f7xx_hal_msp.c:228:6:HAL_TIM_PWM_MspDeInit	0	static
stm32f7xx_hal_msp.c:251:6:HAL_UART_MspInit	40	static
stm32f7xx_hal_msp.c:289:6:HAL_UART_MspDeInit	0	static
stm32f7xx_hal_msp.c:319:6:HAL_PCD_MspInit	40	static
stm32f7xx_hal_msp.c:365:6:HAL_PCD_MspDeInit	0	static
