Archive member included to satisfy reference by file (symbol)

c:/program files (x86)/atollic/truestudio for stm32 9.1.0/armtools/bin/../lib/gcc/arm-atollic-eabi/6.3.1/../../../../arm-atollic-eabi/lib/armv7e-m/fpu/fpv5-sp-d16\libc_nano.a(lib_a-init.o)
                              startup\startup_stm32f722xx.o (__libc_init_array)
c:/program files (x86)/atollic/truestudio for stm32 9.1.0/armtools/bin/../lib/gcc/arm-atollic-eabi/6.3.1/../../../../arm-atollic-eabi/lib/armv7e-m/fpu/fpv5-sp-d16\libc_nano.a(lib_a-memcpy-stub.o)
                              Src\main.o (memcpy)
c:/program files (x86)/atollic/truestudio for stm32 9.1.0/armtools/bin/../lib/gcc/arm-atollic-eabi/6.3.1/../../../../arm-atollic-eabi/lib/armv7e-m/fpu/fpv5-sp-d16\libc_nano.a(lib_a-memset.o)
                              Src\main.o (memset)
c:/program files (x86)/atollic/truestudio for stm32 9.1.0/armtools/bin/../lib/gcc/arm-atollic-eabi/6.3.1/armv7e-m/fpu/fpv5-sp-d16\libgcc.a(_arm_addsubdf3.o)
                              BNO055\BNO055.o (__aeabi_i2d)
c:/program files (x86)/atollic/truestudio for stm32 9.1.0/armtools/bin/../lib/gcc/arm-atollic-eabi/6.3.1/armv7e-m/fpu/fpv5-sp-d16\libgcc.a(_arm_muldivdf3.o)
                              BNO055\BNO055.o (__aeabi_dmul)
c:/program files (x86)/atollic/truestudio for stm32 9.1.0/armtools/bin/../lib/gcc/arm-atollic-eabi/6.3.1/armv7e-m/fpu/fpv5-sp-d16\libgcc.a(_aeabi_uldivmod.o)
                              Drivers\STM32F7xx_HAL_Driver\Src\stm32f7xx_hal_rcc.o (__aeabi_uldivmod)
c:/program files (x86)/atollic/truestudio for stm32 9.1.0/armtools/bin/../lib/gcc/arm-atollic-eabi/6.3.1/armv7e-m/fpu/fpv5-sp-d16\libgcc.a(_udivmoddi4.o)
                              c:/program files (x86)/atollic/truestudio for stm32 9.1.0/armtools/bin/../lib/gcc/arm-atollic-eabi/6.3.1/armv7e-m/fpu/fpv5-sp-d16\libgcc.a(_aeabi_uldivmod.o) (__udivmoddi4)
c:/program files (x86)/atollic/truestudio for stm32 9.1.0/armtools/bin/../lib/gcc/arm-atollic-eabi/6.3.1/armv7e-m/fpu/fpv5-sp-d16\libgcc.a(_dvmd_tls.o)
                              c:/program files (x86)/atollic/truestudio for stm32 9.1.0/armtools/bin/../lib/gcc/arm-atollic-eabi/6.3.1/armv7e-m/fpu/fpv5-sp-d16\libgcc.a(_aeabi_uldivmod.o) (__aeabi_ldiv0)

Allocating common symbols
Common symbol       size              file

huart3              0x70              Src\main.o
hi2c1               0x4c              Src\main.o
hpcd_USB_OTG_FS     0x400             Src\main.o
uwTick              0x4               Drivers\STM32F7xx_HAL_Driver\Src\stm32f7xx_hal.o
pFlash              0x1c              Drivers\STM32F7xx_HAL_Driver\Src\stm32f7xx_hal_flash.o
htim1               0x40              Src\main.o

Discarded input sections

 .text          0x00000000        0x0 c:/program files (x86)/atollic/truestudio for stm32 9.1.0/armtools/bin/../lib/gcc/arm-atollic-eabi/6.3.1/armv7e-m/fpu/fpv5-sp-d16/crti.o
 .data          0x00000000        0x0 c:/program files (x86)/atollic/truestudio for stm32 9.1.0/armtools/bin/../lib/gcc/arm-atollic-eabi/6.3.1/armv7e-m/fpu/fpv5-sp-d16/crti.o
 .bss           0x00000000        0x0 c:/program files (x86)/atollic/truestudio for stm32 9.1.0/armtools/bin/../lib/gcc/arm-atollic-eabi/6.3.1/armv7e-m/fpu/fpv5-sp-d16/crti.o
 .data          0x00000000        0x4 c:/program files (x86)/atollic/truestudio for stm32 9.1.0/armtools/bin/../lib/gcc/arm-atollic-eabi/6.3.1/armv7e-m/fpu/fpv5-sp-d16/crtbegin.o
 .text          0x00000000        0x0 BNO055\BNO055.o
 .data          0x00000000        0x0 BNO055\BNO055.o
 .bss           0x00000000        0x0 BNO055\BNO055.o
 .text.I2C_read8
                0x00000000       0x4c BNO055\BNO055.o
 .text.getTemp  0x00000000        0x8 BNO055\BNO055.o
 .text.getCalibration
                0x00000000       0x34 BNO055\BNO055.o
 .text.I2C_write8
                0x00000000       0x30 BNO055\BNO055.o
 .text.setMode  0x00000000       0x16 BNO055\BNO055.o
 .text.IMU_INIT
                0x00000000       0x98 BNO055\BNO055.o
 .text.setExtCrystalUse
                0x00000000       0x4c BNO055\BNO055.o
 .text.getSystemStatus
                0x00000000       0x52 BNO055\BNO055.o
 .text.I2C_read16
                0x00000000       0x4c BNO055\BNO055.o
 .text.getVector
                0x00000000       0xc4 BNO055\BNO055.o
 .bss.buffer.9603
                0x00000000        0x2 BNO055\BNO055.o
 .data.mode     0x00000000        0x1 BNO055\BNO055.o
 .debug_info    0x00000000     0x15b2 BNO055\BNO055.o
 .debug_abbrev  0x00000000      0x2e6 BNO055\BNO055.o
 .debug_loc     0x00000000      0x33f BNO055\BNO055.o
 .debug_aranges
                0x00000000       0x68 BNO055\BNO055.o
 .debug_ranges  0x00000000       0x58 BNO055\BNO055.o
 .debug_line    0x00000000      0x3e8 BNO055\BNO055.o
 .debug_str     0x00000000      0xc9c BNO055\BNO055.o
 .comment       0x00000000       0x7d BNO055\BNO055.o
 .debug_frame   0x00000000      0x13c BNO055\BNO055.o
 .ARM.attributes
                0x00000000       0x39 BNO055\BNO055.o
[...]
Memory Configuration

Name             Origin             Length             Attributes
RAM              0x20000000         0x00040000         xrw
FLASH            0x08000000         0x00080000         xr
*default*        0x00000000         0xffffffff

Linker script and memory map

LOAD c:/program files (x86)/atollic/truestudio for stm32 9.1.0/armtools/bin/../lib/gcc/arm-atollic-eabi/6.3.1/armv7e-m/fpu/fpv5-sp-d16/crti.o
LOAD c:/program files (x86)/atollic/truestudio for stm32 9.1.0/armtools/bin/../lib/gcc/arm-atollic-eabi/6.3.1/armv7e-m/fpu/fpv5-sp-d16/crtbegin.o
LOAD BNO055\BNO055.o
LOAD Drivers\STM32F7xx_HAL_Driver\Src\stm32f7xx_hal.o
LOAD Drivers\STM32F7xx_HAL_Driver\Src\stm32f7xx_hal_cortex.o
LOAD Drivers\STM32F7xx_HAL_Driver\Src\stm32f7xx_hal_dma.o
LOAD Drivers\STM32F7xx_HAL_Driver\Src\stm32f7xx_hal_dma_ex.o
LOAD Drivers\STM32F7xx_HAL_Driver\Src\stm32f7xx_hal_flash.o
LOAD Drivers\STM32F7xx_HAL_Driver\Src\stm32f7xx_hal_flash_ex.o
LOAD Drivers\STM32F7xx_HAL_Driver\Src\stm32f7xx_hal_gpio.o
LOAD Drivers\STM32F7xx_HAL_Driver\Src\stm32f7xx_hal_i2c.o
LOAD Drivers\STM32F7xx_HAL_Driver\Src\stm32f7xx_hal_i2c_ex.o
LOAD Drivers\STM32F7xx_HAL_Driver\Src\stm32f7xx_hal_pcd.o
LOAD Drivers\STM32F7xx_HAL_Driver\Src\stm32f7xx_hal_pcd_ex.o
LOAD Drivers\STM32F7xx_HAL_Driver\Src\stm32f7xx_hal_pwr.o
LOAD Drivers\STM32F7xx_HAL_Driver\Src\stm32f7xx_hal_pwr_ex.o
LOAD Drivers\STM32F7xx_HAL_Driver\Src\stm32f7xx_hal_rcc.o
LOAD Drivers\STM32F7xx_HAL_Driver\Src\stm32f7xx_hal_rcc_ex.o
LOAD Drivers\STM32F7xx_HAL_Driver\Src\stm32f7xx_hal_tim.o
LOAD Drivers\STM32F7xx_HAL_Driver\Src\stm32f7xx_hal_tim_ex.o
LOAD Drivers\STM32F7xx_HAL_Driver\Src\stm32f7xx_hal_uart.o
LOAD Drivers\STM32F7xx_HAL_Driver\Src\stm32f7xx_ll_usb.o
LOAD Src\main.o
LOAD Src\stm32f7xx_hal_msp.o
LOAD Src\stm32f7xx_it.o
LOAD Src\system_stm32f7xx.o
LOAD startup\startup_stm32f722xx.o
                0x00000080                malloc_getpagesize_P = 0x80
START GROUP
LOAD c:/program files (x86)/atollic/truestudio for stm32 9.1.0/armtools/bin/../lib/gcc/arm-atollic-eabi/6.3.1/../../../../arm-atollic-eabi/lib/armv7e-m/fpu/fpv5-sp-d16\libc_nano.a
LOAD c:/program files (x86)/atollic/truestudio for stm32 9.1.0/armtools/bin/../lib/gcc/arm-atollic-eabi/6.3.1/../../../../arm-atollic-eabi/lib/armv7e-m/fpu/fpv5-sp-d16\libm.a
END GROUP
START GROUP
LOAD c:/program files (x86)/atollic/truestudio for stm32 9.1.0/armtools/bin/../lib/gcc/arm-atollic-eabi/6.3.1/armv7e-m/fpu/fpv5-sp-d16\libgcc.a
LOAD c:/program files (x86)/atollic/truestudio for stm32 9.1.0/armtools/bin/../lib/gcc/arm-atollic-eabi/6.3.1/../../../../arm-atollic-eabi/lib/armv7e-m/fpu/fpv5-sp-d16\libc_nano.a
END GROUP
START GROUP
LOAD c:/program files (x86)/atollic/truestudio for stm32 9.1.0/armtools/bin/../lib/gcc/arm-atollic-eabi/6.3.1/armv7e-m/fpu/fpv5-sp-d16\libgcc.a
LOAD c:/program files (x86)/atollic/truestudio for stm32 9.1.0/armtools/bin/../lib/gcc/arm-atollic-eabi/6.3.1/../../../../arm-atollic-eabi/lib/armv7e-m/fpu/fpv5-sp-d16\libc_nano.a
LOAD c:/program files (x86)/atollic/truestudio for stm32 9.1.0/armtools/bin/../lib/gcc/arm-atollic-eabi/6.3.1/../../../../arm-atollic-eabi/lib/armv7e-m/fpu/fpv5-sp-d16\libnosys.a
END GROUP
START GROUP
LOAD c:/program files (x86)/atollic/truestudio for stm32 9.1.0/armtools/bin/../lib/gcc/arm-atollic-eabi/6.3.1/armv7e-m/fpu/fpv5-sp-d16\libgcc.a
LOAD c:/program files (x86)/atollic/truestudio for stm32 9.1.0/armtools/bin/../lib/gcc/arm-atollic-eabi/6.3.1/../../../../arm-atollic-eabi/lib/armv7e-m/fpu/fpv5-sp-d16\libc_nano.a
LOAD c:/program files (x86)/atollic/truestudio for stm32 9.1.0/armtools/bin/../lib/gcc/arm-atollic-eabi/6.3.1/../../../../arm-atollic-eabi/lib/armv7e-m/fpu/fpv5-sp-d16\libnosys.a
END GROUP
LOAD c:/program files (x86)/atollic/truestudio for stm32 9.1.0/armtools/bin/../lib/gcc/arm-atollic-eabi/6.3.1/armv7e-m/fpu/fpv5-sp-d16/crtend.o
LOAD c:/program files (x86)/atollic/truestudio for stm32 9.1.0/armtools/bin/../lib/gcc/arm-atollic-eabi/6.3.1/armv7e-m/fpu/fpv5-sp-d16/crtn.o
                0x20040000                _estack = 0x20040000
                0x00000200                _Min_Heap_Size = 0x200
                0x00000400                _Min_Stack_Size = 0x400

.isr_vector     0x08000000      0x1e0
                0x08000000                . = ALIGN (0x4)
 *(.isr_vector)
 .isr_vector    0x08000000      0x1e0 startup\startup_stm32f722xx.o
                0x08000000                g_pfnVectors
                0x080001e0                . = ALIGN (0x4)

.text           0x080001e0     0x266c
                0x080001e0                . = ALIGN (0x4)
 *(.text)
 .text          0x080001e0       0x40 c:/program files (x86)/atollic/truestudio for stm32 9.1.0/armtools/bin/../lib/gcc/arm-atollic-eabi/6.3.1/armv7e-m/fpu/fpv5-sp-d16/crtbegin.o
 .text          0x08000220       0x30 c:/program files (x86)/atollic/truestudio for stm32 9.1.0/armtools/bin/../lib/gcc/arm-atollic-eabi/6.3.1/armv7e-m/fpu/fpv5-sp-d16\libgcc.a(_aeabi_uldivmod.o)
                0x08000220                __aeabi_uldivmod
 .text          0x08000250      0x2dc c:/program files (x86)/atollic/truestudio for stm32 9.1.0/armtools/bin/../lib/gcc/arm-atollic-eabi/6.3.1/armv7e-m/fpu/fpv5-sp-d16\libgcc.a(_udivmoddi4.o)
                0x08000250                __udivmoddi4
 .text          0x0800052c        0x4 c:/program files (x86)/atollic/truestudio for stm32 9.1.0/armtools/bin/../lib/gcc/arm-atollic-eabi/6.3.1/armv7e-m/fpu/fpv5-sp-d16\libgcc.a(_dvmd_tls.o)
                0x0800052c                __aeabi_idiv0
                0x0800052c                __aeabi_ldiv0
 *(.text*)
 .text.HAL_InitTick
                0x08000530       0x48 Drivers\STM32F7xx_HAL_Driver\Src\stm32f7xx_hal.o
                0x08000530                HAL_InitTick
 .text.HAL_Init
                0x08000578       0x16 Drivers\STM32F7xx_HAL_Driver\Src\stm32f7xx_hal.o
                0x08000578                HAL_Init
 *fill*         0x0800058e        0x2 
 .text.HAL_IncTick
                0x08000590       0x18 Drivers\STM32F7xx_HAL_Driver\Src\stm32f7xx_hal.o
                0x08000590                HAL_IncTick
 .text.HAL_GetTick
                0x080005a8        0xc Drivers\STM32F7xx_HAL_Driver\Src\stm32f7xx_hal.o
                0x080005a8                HAL_GetTick
 .text.HAL_Delay
                0x080005b4       0x24 Drivers\STM32F7xx_HAL_Driver\Src\stm32f7xx_hal.o
                0x080005b4                HAL_Delay
 .text.HAL_NVIC_SetPriorityGrouping
                0x080005d8       0x24 Drivers\STM32F7xx_HAL_Driver\Src\stm32f7xx_hal_cortex.o
                0x080005d8                HAL_NVIC_SetPriorityGrouping
 .text.HAL_NVIC_SetPriority
                0x080005fc       0x70 Drivers\STM32F7xx_HAL_Driver\Src\stm32f7xx_hal_cortex.o
                0x080005fc                HAL_NVIC_SetPriority
 .text.HAL_SYSTICK_Config
                0x0800066c       0x2c Drivers\STM32F7xx_HAL_Driver\Src\stm32f7xx_hal_cortex.o
                0x0800066c                HAL_SYSTICK_Config
 .text.HAL_GPIO_Init
                0x08000698      0x1bc Drivers\STM32F7xx_HAL_Driver\Src\stm32f7xx_hal_gpio.o
                0x08000698                HAL_GPIO_Init
 .text.HAL_GPIO_WritePin
                0x08000854        0xa Drivers\STM32F7xx_HAL_Driver\Src\stm32f7xx_hal_gpio.o
                0x08000854                HAL_GPIO_WritePin
 .text.HAL_I2C_Init
                0x0800085e       0xa2 Drivers\STM32F7xx_HAL_Driver\Src\stm32f7xx_hal_i2c.o
                0x0800085e                HAL_I2C_Init
 .text.HAL_I2CEx_ConfigAnalogFilter
                0x08000900       0x4c Drivers\STM32F7xx_HAL_Driver\Src\stm32f7xx_hal_i2c_ex.o
                0x08000900                HAL_I2CEx_ConfigAnalogFilter
 .text.HAL_I2CEx_ConfigDigitalFilter
                0x0800094c       0x4a Drivers\STM32F7xx_HAL_Driver\Src\stm32f7xx_hal_i2c_ex.o
                0x0800094c                HAL_I2CEx_ConfigDigitalFilter
 .text.HAL_PCD_Init
                0x08000996       0xe8 Drivers\STM32F7xx_HAL_Driver\Src\stm32f7xx_hal_pcd.o
                0x08000996                HAL_PCD_Init
 .text.HAL_PCDEx_ActivateLPM
                0x08000a7e       0x26 Drivers\STM32F7xx_HAL_Driver\Src\stm32f7xx_hal_pcd_ex.o
                0x08000a7e                HAL_PCDEx_ActivateLPM
 .text.HAL_PWR_EnableBkUpAccess
                0x08000aa4       0x10 Drivers\STM32F7xx_HAL_Driver\Src\stm32f7xx_hal_pwr.o
                0x08000aa4                HAL_PWR_EnableBkUpAccess
 .text.HAL_PWREx_EnableOverDrive
                0x08000ab4       0x70 Drivers\STM32F7xx_HAL_Driver\Src\stm32f7xx_hal_pwr_ex.o
                0x08000ab4                HAL_PWREx_EnableOverDrive
 .text.HAL_RCC_OscConfig
                0x08000b24      0x328 Drivers\STM32F7xx_HAL_Driver\Src\stm32f7xx_hal_rcc.o
                0x08000b24                HAL_RCC_OscConfig
 .text.HAL_RCC_GetSysClockFreq
                0x08000e4c       0x5c Drivers\STM32F7xx_HAL_Driver\Src\stm32f7xx_hal_rcc.o
                0x08000e4c                HAL_RCC_GetSysClockFreq
 .text.HAL_RCC_ClockConfig
                0x08000ea8      0x13c Drivers\STM32F7xx_HAL_Driver\Src\stm32f7xx_hal_rcc.o
                0x08000ea8                HAL_RCC_ClockConfig
 .text.HAL_RCC_GetPCLK1Freq
                0x08000fe4       0x20 Drivers\STM32F7xx_HAL_Driver\Src\stm32f7xx_hal_rcc.o
                0x08000fe4                HAL_RCC_GetPCLK1Freq
 .text.HAL_RCC_GetPCLK2Freq
                0x08001004       0x20 Drivers\STM32F7xx_HAL_Driver\Src\stm32f7xx_hal_rcc.o
                0x08001004                HAL_RCC_GetPCLK2Freq
 .text.HAL_RCCEx_PeriphCLKConfig
                0x08001024      0x460 Drivers\STM32F7xx_HAL_Driver\Src\stm32f7xx_hal_rcc_ex.o
                0x08001024                HAL_RCCEx_PeriphCLKConfig
 .text.TIM_Base_SetConfig
                0x08001484       0xd0 Drivers\STM32F7xx_HAL_Driver\Src\stm32f7xx_hal_tim.o
                0x08001484                TIM_Base_SetConfig
 .text.HAL_TIM_PWM_Init
                0x08001554       0x34 Drivers\STM32F7xx_HAL_Driver\Src\stm32f7xx_hal_tim.o
                0x08001554                HAL_TIM_PWM_Init
 .text.TIM_OC1_SetConfig
                0x08001588       0x5c Drivers\STM32F7xx_HAL_Driver\Src\stm32f7xx_hal_tim.o
                0x08001588                TIM_OC1_SetConfig
 .text.TIM_OC2_SetConfig
                0x080015e4       0x64 Drivers\STM32F7xx_HAL_Driver\Src\stm32f7xx_hal_tim.o
                0x080015e4                TIM_OC2_SetConfig
 .text.TIM_OC3_SetConfig
                0x08001648       0x64 Drivers\STM32F7xx_HAL_Driver\Src\stm32f7xx_hal_tim.o
                0x08001648                TIM_OC3_SetConfig
 .text.TIM_OC4_SetConfig
                0x080016ac       0x54 Drivers\STM32F7xx_HAL_Driver\Src\stm32f7xx_hal_tim.o
                0x080016ac                TIM_OC4_SetConfig
 .text.TIM_CCxChannelCmd
                0x08001700       0x18 Drivers\STM32F7xx_HAL_Driver\Src\stm32f7xx_hal_tim.o
                0x08001700                TIM_CCxChannelCmd
 .text.HAL_TIM_PWM_Start
                0x08001718       0x34 Drivers\STM32F7xx_HAL_Driver\Src\stm32f7xx_hal_tim.o
                0x08001718                HAL_TIM_PWM_Start
 .text.TIM_CCxNChannelCmd
                0x0800174c       0x18 Drivers\STM32F7xx_HAL_Driver\Src\stm32f7xx_hal_tim_ex.o
 .text.TIM_OC5_SetConfig
                0x08001764       0x50 Drivers\STM32F7xx_HAL_Driver\Src\stm32f7xx_hal_tim_ex.o
 .text.TIM_OC6_SetConfig
                0x080017b4       0x50 Drivers\STM32F7xx_HAL_Driver\Src\stm32f7xx_hal_tim_ex.o
 .text.HAL_TIMEx_PWMN_Start
                0x08001804       0x22 Drivers\STM32F7xx_HAL_Driver\Src\stm32f7xx_hal_tim_ex.o
                0x08001804                HAL_TIMEx_PWMN_Start
 *fill*         0x08001826        0x2 
 .text.HAL_TIMEx_MasterConfigSynchronization
                0x08001828       0x4c Drivers\STM32F7xx_HAL_Driver\Src\stm32f7xx_hal_tim_ex.o
                0x08001828                HAL_TIMEx_MasterConfigSynchronization
 .text.HAL_TIMEx_ConfigBreakDeadTime
                0x08001874       0x84 Drivers\STM32F7xx_HAL_Driver\Src\stm32f7xx_hal_tim_ex.o
                0x08001874                HAL_TIMEx_ConfigBreakDeadTime
 .text.HAL_TIM_PWM_ConfigChannel
                0x080018f8      0x10c Drivers\STM32F7xx_HAL_Driver\Src\stm32f7xx_hal_tim_ex.o
                0x080018f8                HAL_TIM_PWM_ConfigChannel
 .text.UART_WaitOnFlagUntilTimeout
                0x08001a04       0x62 Drivers\STM32F7xx_HAL_Driver\Src\stm32f7xx_hal_uart.o
                0x08001a04                UART_WaitOnFlagUntilTimeout
 .text.HAL_UART_Transmit
                0x08001a66       0xb2 Drivers\STM32F7xx_HAL_Driver\Src\stm32f7xx_hal_uart.o
                0x08001a66                HAL_UART_Transmit
 .text.UART_SetConfig
                0x08001b18      0x290 Drivers\STM32F7xx_HAL_Driver\Src\stm32f7xx_hal_uart.o
                0x08001b18                UART_SetConfig
 .text.UART_AdvFeatureConfig
                0x08001da8       0xaa Drivers\STM32F7xx_HAL_Driver\Src\stm32f7xx_hal_uart.o
                0x08001da8                UART_AdvFeatureConfig
 .text.UART_CheckIdleState
                0x08001e52       0x44 Drivers\STM32F7xx_HAL_Driver\Src\stm32f7xx_hal_uart.o
                0x08001e52                UART_CheckIdleState
 .text.HAL_UART_Init
                0x08001e96       0x64 Drivers\STM32F7xx_HAL_Driver\Src\stm32f7xx_hal_uart.o
                0x08001e96                HAL_UART_Init
 *fill*         0x08001efa        0x2 
 .text.USB_CoreReset
                0x08001efc       0x30 Drivers\STM32F7xx_HAL_Driver\Src\stm32f7xx_ll_usb.o
 .text.USB_CoreInit
                0x08001f2c       0x76 Drivers\STM32F7xx_HAL_Driver\Src\stm32f7xx_ll_usb.o
                0x08001f2c                USB_CoreInit
 .text.USB_DisableGlobalInt
                0x08001fa2        0xc Drivers\STM32F7xx_HAL_Driver\Src\stm32f7xx_ll_usb.o
                0x08001fa2                USB_DisableGlobalInt
 .text.USB_SetCurrentMode
                0x08001fae       0x2e Drivers\STM32F7xx_HAL_Driver\Src\stm32f7xx_ll_usb.o
                0x08001fae                USB_SetCurrentMode
 .text.USB_FlushTxFifo
                0x08001fdc       0x24 Drivers\STM32F7xx_HAL_Driver\Src\stm32f7xx_ll_usb.o
                0x08001fdc                USB_FlushTxFifo
 .text.USB_FlushRxFifo
                0x08002000       0x20 Drivers\STM32F7xx_HAL_Driver\Src\stm32f7xx_ll_usb.o
                0x08002000                USB_FlushRxFifo
 .text.USB_SetDevSpeed
                0x08002020        0xe Drivers\STM32F7xx_HAL_Driver\Src\stm32f7xx_ll_usb.o
                0x08002020                USB_SetDevSpeed
 *fill*         0x0800202e        0x2 
 .text.USB_DevInit
                0x08002030      0x170 Drivers\STM32F7xx_HAL_Driver\Src\stm32f7xx_ll_usb.o
                0x08002030                USB_DevInit
 .text.USB_DevDisconnect
                0x080021a0       0x18 Drivers\STM32F7xx_HAL_Driver\Src\stm32f7xx_ll_usb.o
                0x080021a0                USB_DevDisconnect
 .text.SystemClock_Config
                0x080021b8       0xb8 Src\main.o
                0x080021b8                SystemClock_Config
 .text.startup.main
                0x08002270      0x298 Src\main.o
                0x08002270                main
 .text.HAL_MspInit
                0x08002508       0x30 Src\stm32f7xx_hal_msp.o
                0x08002508                HAL_MspInit
 .text.HAL_I2C_MspInit
                0x08002538       0x6c Src\stm32f7xx_hal_msp.o
                0x08002538                HAL_I2C_MspInit
 .text.HAL_TIM_PWM_MspInit
                0x080025a4       0x28 Src\stm32f7xx_hal_msp.o
                0x080025a4                HAL_TIM_PWM_MspInit
 .text.HAL_TIM_MspPostInit
                0x080025cc       0x50 Src\stm32f7xx_hal_msp.o
                0x080025cc                HAL_TIM_MspPostInit
 .text.HAL_UART_MspInit
                0x0800261c       0x68 Src\stm32f7xx_hal_msp.o
                0x0800261c                HAL_UART_MspInit
 .text.HAL_PCD_MspInit
                0x08002684       0x8c Src\stm32f7xx_hal_msp.o
                0x08002684                HAL_PCD_MspInit
 .text.NMI_Handler
                0x08002710        0x2 Src\stm32f7xx_it.o
                0x08002710                NMI_Handler
 .text.HardFault_Handler
                0x08002712        0x2 Src\stm32f7xx_it.o
                0x08002712                HardFault_Handler
 .text.MemManage_Handler
                0x08002714        0x2 Src\stm32f7xx_it.o
                0x08002714                MemManage_Handler
 .text.BusFault_Handler
                0x08002716        0x2 Src\stm32f7xx_it.o
                0x08002716                BusFault_Handler
 .text.UsageFault_Handler
                0x08002718        0x2 Src\stm32f7xx_it.o
                0x08002718                UsageFault_Handler
 .text.SVC_Handler
                0x0800271a        0x2 Src\stm32f7xx_it.o
                0x0800271a                SVC_Handler
 .text.DebugMon_Handler
                0x0800271c        0x2 Src\stm32f7xx_it.o
                0x0800271c                DebugMon_Handler
 .text.PendSV_Handler
                0x0800271e        0x2 Src\stm32f7xx_it.o
                0x0800271e                PendSV_Handler
 .text.SysTick_Handler
                0x08002720        0x4 Src\stm32f7xx_it.o
                0x08002720                SysTick_Handler
 .text.SystemInit
                0x08002724       0x4c Src\system_stm32f7xx.o
                0x08002724                SystemInit
 .text.Reset_Handler
                0x08002770       0x50 startup\startup_stm32f722xx.o
                0x08002770                Reset_Handler
 .text.Default_Handler
                0x080027c0        0x2 startup\startup_stm32f722xx.o
                0x080027c0                RTC_Alarm_IRQHandler
                0x080027c0                EXTI2_IRQHandler
                0x080027c0                TIM8_CC_IRQHandler
                0x080027c0                UART8_IRQHandler
                0x080027c0                SPI4_IRQHandler
                0x080027c0                TIM1_CC_IRQHandler
                0x080027c0                DMA2_Stream5_IRQHandler
                0x080027c0                DMA1_Stream5_IRQHandler
                0x080027c0                PVD_IRQHandler
                0x080027c0                TAMP_STAMP_IRQHandler
                0x080027c0                EXTI3_IRQHandler
                0x080027c0                TIM8_TRG_COM_TIM14_IRQHandler
                0x080027c0                TIM1_UP_TIM10_IRQHandler
                0x080027c0                TIM8_UP_TIM13_IRQHandler
                0x080027c0                I2C3_ER_IRQHandler
                0x080027c0                EXTI0_IRQHandler
                0x080027c0                I2C2_EV_IRQHandler
                0x080027c0                DMA1_Stream2_IRQHandler
                0x080027c0                CAN1_RX0_IRQHandler
                0x080027c0                FPU_IRQHandler
                0x080027c0                OTG_HS_WKUP_IRQHandler
                0x080027c0                DMA2_Stream2_IRQHandler
                0x080027c0                SPI1_IRQHandler
                0x080027c0                TIM6_DAC_IRQHandler
                0x080027c0                TIM1_BRK_TIM9_IRQHandler
                0x080027c0                DMA2_Stream3_IRQHandler
                0x080027c0                SAI2_IRQHandler
                0x080027c0                USART6_IRQHandler
                0x080027c0                USART3_IRQHandler
                0x080027c0                CAN1_RX1_IRQHandler
                0x080027c0                UART5_IRQHandler
                0x080027c0                DMA2_Stream0_IRQHandler
                0x080027c0                TIM4_IRQHandler
                0x080027c0                QUADSPI_IRQHandler
                0x080027c0                I2C1_EV_IRQHandler
                0x080027c0                DMA1_Stream6_IRQHandler
                0x080027c0                DMA1_Stream1_IRQHandler
                0x080027c0                UART4_IRQHandler
                0x080027c0                TIM3_IRQHandler
                0x080027c0                RCC_IRQHandler
                0x080027c0                TIM8_BRK_TIM12_IRQHandler
                0x080027c0                Default_Handler
                0x080027c0                EXTI15_10_IRQHandler
                0x080027c0                ADC_IRQHandler
                0x080027c0                DMA1_Stream7_IRQHandler
                0x080027c0                SPI5_IRQHandler
                0x080027c0                TIM7_IRQHandler
                0x080027c0                SDMMC1_IRQHandler
                0x080027c0                TIM5_IRQHandler
                0x080027c0                DMA2_Stream7_IRQHandler
                0x080027c0                I2C3_EV_IRQHandler
                0x080027c0                EXTI9_5_IRQHandler
                0x080027c0                RTC_WKUP_IRQHandler
                0x080027c0                SPI2_IRQHandler
                0x080027c0                OTG_HS_EP1_IN_IRQHandler
                0x080027c0                DMA1_Stream0_IRQHandler
                0x080027c0                CAN1_TX_IRQHandler
                0x080027c0                EXTI4_IRQHandler
                0x080027c0                RNG_IRQHandler
                0x080027c0                OTG_HS_EP1_OUT_IRQHandler
                0x080027c0                WWDG_IRQHandler
                0x080027c0                TIM2_IRQHandler
                0x080027c0                OTG_FS_WKUP_IRQHandler
                0x080027c0                TIM1_TRG_COM_TIM11_IRQHandler
                0x080027c0                OTG_HS_IRQHandler
                0x080027c0                EXTI1_IRQHandler
                0x080027c0                SDMMC2_IRQHandler
                0x080027c0                UART7_IRQHandler
                0x080027c0                USART2_IRQHandler
                0x080027c0                I2C2_ER_IRQHandler
                0x080027c0                DMA2_Stream1_IRQHandler
                0x080027c0                CAN1_SCE_IRQHandler
                0x080027c0                FLASH_IRQHandler
                0x080027c0                DMA2_Stream4_IRQHandler
                0x080027c0                USART1_IRQHandler
                0x080027c0                OTG_FS_IRQHandler
                0x080027c0                SPI3_IRQHandler
                0x080027c0                DMA1_Stream4_IRQHandler
                0x080027c0                I2C1_ER_IRQHandler
                0x080027c0                FMC_IRQHandler
                0x080027c0                LPTIM1_IRQHandler
                0x080027c0                DMA2_Stream6_IRQHandler
                0x080027c0                SAI1_IRQHandler
                0x080027c0                DMA1_Stream3_IRQHandler
 *fill*         0x080027c2        0x2 
 .text.__libc_init_array
                0x080027c4       0x48 c:/program files (x86)/atollic/truestudio for stm32 9.1.0/armtools/bin/../lib/gcc/arm-atollic-eabi/6.3.1/../../../../arm-atollic-eabi/lib/armv7e-m/fpu/fpv5-sp-d16\libc_nano.a(lib_a-init.o)
                0x080027c4                __libc_init_array
 .text.memcpy   0x0800280c       0x16 c:/program files (x86)/atollic/truestudio for stm32 9.1.0/armtools/bin/../lib/gcc/arm-atollic-eabi/6.3.1/../../../../arm-atollic-eabi/lib/armv7e-m/fpu/fpv5-sp-d16\libc_nano.a(lib_a-memcpy-stub.o)
                0x0800280c                memcpy
 .text.memset   0x08002822       0x10 c:/program files (x86)/atollic/truestudio for stm32 9.1.0/armtools/bin/../lib/gcc/arm-atollic-eabi/6.3.1/../../../../arm-atollic-eabi/lib/armv7e-m/fpu/fpv5-sp-d16\libc_nano.a(lib_a-memset.o)
                0x08002822                memset
 *(.glue_7)
 .glue_7        0x08002832        0x0 linker stubs
 *(.glue_7t)
 .glue_7t       0x08002832        0x0 linker stubs
 *(.eh_frame)
 *fill*         0x08002832        0x2 
 .eh_frame      0x08002834        0x0 c:/program files (x86)/atollic/truestudio for stm32 9.1.0/armtools/bin/../lib/gcc/arm-atollic-eabi/6.3.1/armv7e-m/fpu/fpv5-sp-d16/crtbegin.o
 *(.init)
 .init          0x08002834        0x4 c:/program files (x86)/atollic/truestudio for stm32 9.1.0/armtools/bin/../lib/gcc/arm-atollic-eabi/6.3.1/armv7e-m/fpu/fpv5-sp-d16/crti.o
                0x08002834                _init
 .init          0x08002838        0x8 c:/program files (x86)/atollic/truestudio for stm32 9.1.0/armtools/bin/../lib/gcc/arm-atollic-eabi/6.3.1/armv7e-m/fpu/fpv5-sp-d16/crtn.o
 *(.fini)
 .fini          0x08002840        0x4 c:/program files (x86)/atollic/truestudio for stm32 9.1.0/armtools/bin/../lib/gcc/arm-atollic-eabi/6.3.1/armv7e-m/fpu/fpv5-sp-d16/crti.o
                0x08002840                _fini
 .fini          0x08002844        0x8 c:/program files (x86)/atollic/truestudio for stm32 9.1.0/armtools/bin/../lib/gcc/arm-atollic-eabi/6.3.1/armv7e-m/fpu/fpv5-sp-d16/crtn.o
                0x0800284c                . = ALIGN (0x4)
                0x0800284c                _etext = .

.vfp11_veneer   0x0800284c        0x0
 .vfp11_veneer  0x0800284c        0x0 linker stubs

.v4_bx          0x0800284c        0x0
 .v4_bx         0x0800284c        0x0 linker stubs

.iplt           0x0800284c        0x0
 .iplt          0x0800284c        0x0 c:/program files (x86)/atollic/truestudio for stm32 9.1.0/armtools/bin/../lib/gcc/arm-atollic-eabi/6.3.1/armv7e-m/fpu/fpv5-sp-d16/crtbegin.o

.rodata         0x0800284c       0x90
                0x0800284c                . = ALIGN (0x4)
 *(.rodata)
 .rodata        0x0800284c       0x64 Src\main.o
 *(.rodata*)
 .rodata.CSWTCH.38
                0x080028b0        0x4 Drivers\STM32F7xx_HAL_Driver\Src\stm32f7xx_hal_uart.o
 .rodata.CSWTCH.39
                0x080028b4        0xd Drivers\STM32F7xx_HAL_Driver\Src\stm32f7xx_hal_uart.o
 .rodata.AHBPrescTable
                0x080028c1       0x10 Src\system_stm32f7xx.o
                0x080028c1                AHBPrescTable
 .rodata.APBPrescTable
                0x080028d1        0x8 Src\system_stm32f7xx.o
                0x080028d1                APBPrescTable
                0x080028dc                . = ALIGN (0x4)
 *fill*         0x080028d9        0x3 

.ARM.extab
 *(.ARM.extab* .gnu.linkonce.armextab.*)

.ARM            0x080028dc        0x8
                0x080028dc                __exidx_start = .
 *(.ARM.exidx*)
 .ARM.exidx     0x080028dc        0x8 c:/program files (x86)/atollic/truestudio for stm32 9.1.0/armtools/bin/../lib/gcc/arm-atollic-eabi/6.3.1/armv7e-m/fpu/fpv5-sp-d16\libgcc.a(_udivmoddi4.o)
                0x080028e4                __exidx_end = .

.rel.dyn        0x080028e4        0x0
 .rel.iplt      0x080028e4        0x0 c:/program files (x86)/atollic/truestudio for stm32 9.1.0/armtools/bin/../lib/gcc/arm-atollic-eabi/6.3.1/armv7e-m/fpu/fpv5-sp-d16/crtbegin.o

.preinit_array  0x080028e4        0x0
                0x080028e4                PROVIDE (__preinit_array_start, .)
 *(.preinit_array*)
                0x080028e4                PROVIDE (__preinit_array_end, .)

.init_array     0x080028e4        0x4
                0x080028e4                PROVIDE (__init_array_start, .)
 *(SORT(.init_array.*))
 *(.init_array*)
 .init_array    0x080028e4        0x4 c:/program files (x86)/atollic/truestudio for stm32 9.1.0/armtools/bin/../lib/gcc/arm-atollic-eabi/6.3.1/armv7e-m/fpu/fpv5-sp-d16/crtbegin.o
                0x080028e8                PROVIDE (__init_array_end, .)

.fini_array     0x080028e8        0x4
                [!provide]                PROVIDE (__fini_array_start, .)
 *(SORT(.fini_array.*))
 *(.fini_array*)
 .fini_array    0x080028e8        0x4 c:/program files (x86)/atollic/truestudio for stm32 9.1.0/armtools/bin/../lib/gcc/arm-atollic-eabi/6.3.1/armv7e-m/fpu/fpv5-sp-d16/crtbegin.o
                [!provide]                PROVIDE (__fini_array_end, .)
                0x080028ec                _sidata = LOADADDR (.data)

.data           0x20000000        0xc load address 0x080028ec
                0x20000000                . = ALIGN (0x4)
                0x20000000                _sdata = .
 *(.data)
 *(.data*)
 .data.uwTickFreq
                0x20000000        0x1 Drivers\STM32F7xx_HAL_Driver\Src\stm32f7xx_hal.o
                0x20000000                uwTickFreq
 *fill*         0x20000001        0x3 
 .data.uwTickPrio
                0x20000004        0x4 Drivers\STM32F7xx_HAL_Driver\Src\stm32f7xx_hal.o
                0x20000004                uwTickPrio
 .data.SystemCoreClock
                0x20000008        0x4 Src\system_stm32f7xx.o
                0x20000008                SystemCoreClock
                0x2000000c                . = ALIGN (0x4)
                0x2000000c                _edata = .

.igot.plt       0x2000000c        0x0 load address 0x080028f8
 .igot.plt      0x2000000c        0x0 c:/program files (x86)/atollic/truestudio for stm32 9.1.0/armtools/bin/../lib/gcc/arm-atollic-eabi/6.3.1/armv7e-m/fpu/fpv5-sp-d16/crtbegin.o
                0x2000000c                . = ALIGN (0x4)

.bss            0x2000000c      0x51c load address 0x080028f8
                0x2000000c                _sbss = .
                0x2000000c                __bss_start__ = _sbss
 *(.bss)
 .bss           0x2000000c       0x1c c:/program files (x86)/atollic/truestudio for stm32 9.1.0/armtools/bin/../lib/gcc/arm-atollic-eabi/6.3.1/armv7e-m/fpu/fpv5-sp-d16/crtbegin.o
 *(.bss*)
 *(COMMON)
 COMMON         0x20000028        0x4 Drivers\STM32F7xx_HAL_Driver\Src\stm32f7xx_hal.o
                0x20000028                uwTick
 COMMON         0x2000002c      0x4fc Src\main.o
                0x2000002c                huart3
                0x2000009c                hi2c1
                0x200000e8                hpcd_USB_OTG_FS
                0x200004e8                htim1
                0x20000528                . = ALIGN (0x4)
                0x20000528                _ebss = .
                0x20000528                __bss_end__ = _ebss

._user_heap_stack
                0x20000528      0x600 load address 0x080028f8
                0x20000528                . = ALIGN (0x4)
                [!provide]                PROVIDE (end, .)
                [!provide]                PROVIDE (_end, .)
                0x20000728                . = (. + _Min_Heap_Size)
 *fill*         0x20000528      0x200 
                0x20000b28                . = (. + _Min_Stack_Size)
 *fill*         0x20000728      0x400 
                0x20000b28                . = ALIGN (0x4)

/DISCARD/
 libc.a(*)
 libm.a(*)
 libgcc.a(*)

.ARM.attributes
                0x00000000       0x30
 *(.ARM.attributes)
 .ARM.attributes
                0x00000000       0x22 c:/program files (x86)/atollic/truestudio for stm32 9.1.0/armtools/bin/../lib/gcc/arm-atollic-eabi/6.3.1/armv7e-m/fpu/fpv5-sp-d16/crti.o
 .ARM.attributes
                0x00000022       0x34 c:/program files (x86)/atollic/truestudio for stm32 9.1.0/armtools/bin/../lib/gcc/arm-atollic-eabi/6.3.1/armv7e-m/fpu/fpv5-sp-d16/crtbegin.o
 .ARM.attributes
                0x00000056       0x39 Drivers\STM32F7xx_HAL_Driver\Src\stm32f7xx_hal.o
 .ARM.attributes
                0x0000008f       0x39 Drivers\STM32F7xx_HAL_Driver\Src\stm32f7xx_hal_cortex.o
 .ARM.attributes
                0x000000c8       0x39 Drivers\STM32F7xx_HAL_Driver\Src\stm32f7xx_hal_gpio.o
 .ARM.attributes
                0x00000101       0x39 Drivers\STM32F7xx_HAL_Driver\Src\stm32f7xx_hal_i2c.o
 .ARM.attributes
                0x0000013a       0x39 Drivers\STM32F7xx_HAL_Driver\Src\stm32f7xx_hal_i2c_ex.o
 .ARM.attributes
                0x00000173       0x39 Drivers\STM32F7xx_HAL_Driver\Src\stm32f7xx_hal_pcd.o
 .ARM.attributes
                0x000001ac       0x39 Drivers\STM32F7xx_HAL_Driver\Src\stm32f7xx_hal_pcd_ex.o
 .ARM.attributes
                0x000001e5       0x39 Drivers\STM32F7xx_HAL_Driver\Src\stm32f7xx_hal_pwr.o
 .ARM.attributes
                0x0000021e       0x39 Drivers\STM32F7xx_HAL_Driver\Src\stm32f7xx_hal_pwr_ex.o
 .ARM.attributes
                0x00000257       0x39 Drivers\STM32F7xx_HAL_Driver\Src\stm32f7xx_hal_rcc.o
 .ARM.attributes
                0x00000290       0x39 Drivers\STM32F7xx_HAL_Driver\Src\stm32f7xx_hal_rcc_ex.o
 .ARM.attributes
                0x000002c9       0x39 Drivers\STM32F7xx_HAL_Driver\Src\stm32f7xx_hal_tim.o
 .ARM.attributes
                0x00000302       0x39 Drivers\STM32F7xx_HAL_Driver\Src\stm32f7xx_hal_tim_ex.o
 .ARM.attributes
                0x0000033b       0x39 Drivers\STM32F7xx_HAL_Driver\Src\stm32f7xx_hal_uart.o
 .ARM.attributes
                0x00000374       0x39 Drivers\STM32F7xx_HAL_Driver\Src\stm32f7xx_ll_usb.o
 .ARM.attributes
                0x000003ad       0x39 Src\main.o
 .ARM.attributes
                0x000003e6       0x39 Src\stm32f7xx_hal_msp.o
 .ARM.attributes
                0x0000041f       0x39 Src\stm32f7xx_it.o
 .ARM.attributes
                0x00000458       0x39 Src\system_stm32f7xx.o
 .ARM.attributes
                0x00000491       0x21 startup\startup_stm32f722xx.o
 .ARM.attributes
                0x000004b2       0x34 c:/program files (x86)/atollic/truestudio for stm32 9.1.0/armtools/bin/../lib/gcc/arm-atollic-eabi/6.3.1/../../../../arm-atollic-eabi/lib/armv7e-m/fpu/fpv5-sp-d16\libc_nano.a(lib_a-init.o)
 .ARM.attributes
                0x000004e6       0x34 c:/program files (x86)/atollic/truestudio for stm32 9.1.0/armtools/bin/../lib/gcc/arm-atollic-eabi/6.3.1/../../../../arm-atollic-eabi/lib/armv7e-m/fpu/fpv5-sp-d16\libc_nano.a(lib_a-memcpy-stub.o)
 .ARM.attributes
                0x0000051a       0x34 c:/program files (x86)/atollic/truestudio for stm32 9.1.0/armtools/bin/../lib/gcc/arm-atollic-eabi/6.3.1/../../../../arm-atollic-eabi/lib/armv7e-m/fpu/fpv5-sp-d16\libc_nano.a(lib_a-memset.o)
 .ARM.attributes
                0x0000054e       0x22 c:/program files (x86)/atollic/truestudio for stm32 9.1.0/armtools/bin/../lib/gcc/arm-atollic-eabi/6.3.1/armv7e-m/fpu/fpv5-sp-d16\libgcc.a(_aeabi_uldivmod.o)
 .ARM.attributes
                0x00000570       0x34 c:/program files (x86)/atollic/truestudio for stm32 9.1.0/armtools/bin/../lib/gcc/arm-atollic-eabi/6.3.1/armv7e-m/fpu/fpv5-sp-d16\libgcc.a(_udivmoddi4.o)
 .ARM.attributes
                0x000005a4       0x22 c:/program files (x86)/atollic/truestudio for stm32 9.1.0/armtools/bin/../lib/gcc/arm-atollic-eabi/6.3.1/armv7e-m/fpu/fpv5-sp-d16\libgcc.a(_dvmd_tls.o)
 .ARM.attributes
                0x000005c6       0x22 c:/program files (x86)/atollic/truestudio for stm32 9.1.0/armtools/bin/../lib/gcc/arm-atollic-eabi/6.3.1/armv7e-m/fpu/fpv5-sp-d16/crtn.o
OUTPUT(I2C_IMU.elf elf32-littlearm)

.debug_info     0x00000000    0x1f7cf
 .debug_info    0x00000000     0x1248 Drivers\STM32F7xx_HAL_Driver\Src\stm32f7xx_hal.o
 .debug_info    0x00001248     0x191e Drivers\STM32F7xx_HAL_Driver\Src\stm32f7xx_hal_cortex.o
 .debug_info    0x00002b66      0xfaf Drivers\STM32F7xx_HAL_Driver\Src\stm32f7xx_hal_gpio.o
 .debug_info    0x00003b15     0x394a Drivers\STM32F7xx_HAL_Driver\Src\stm32f7xx_hal_i2c.o
 .debug_info    0x0000745f     0x11a9 Drivers\STM32F7xx_HAL_Driver\Src\stm32f7xx_hal_i2c_ex.o
 .debug_info    0x00008608     0x1e1d Drivers\STM32F7xx_HAL_Driver\Src\stm32f7xx_hal_pcd.o
 .debug_info    0x0000a425      0xfd1 Drivers\STM32F7xx_HAL_Driver\Src\stm32f7xx_hal_pcd_ex.o
 .debug_info    0x0000b3f6     0x1236 Drivers\STM32F7xx_HAL_Driver\Src\stm32f7xx_hal_pwr.o
 .debug_info    0x0000c62c     0x122c Drivers\STM32F7xx_HAL_Driver\Src\stm32f7xx_hal_pwr_ex.o
 .debug_info    0x0000d858     0x1319 Drivers\STM32F7xx_HAL_Driver\Src\stm32f7xx_hal_rcc.o
 .debug_info    0x0000eb71     0x1052 Drivers\STM32F7xx_HAL_Driver\Src\stm32f7xx_hal_rcc_ex.o
 .debug_info    0x0000fbc3     0x3abb Drivers\STM32F7xx_HAL_Driver\Src\stm32f7xx_hal_tim.o
 .debug_info    0x0001367e     0x1d6f Drivers\STM32F7xx_HAL_Driver\Src\stm32f7xx_hal_tim_ex.o
 .debug_info    0x000153ed     0x20b0 Drivers\STM32F7xx_HAL_Driver\Src\stm32f7xx_hal_uart.o
 .debug_info    0x0001749d     0x2310 Drivers\STM32F7xx_HAL_Driver\Src\stm32f7xx_ll_usb.o
 .debug_info    0x000197ad     0x27db Src\main.o
 .debug_info    0x0001bf88     0x1f22 Src\stm32f7xx_hal_msp.o
 .debug_info    0x0001deaa      0x9c9 Src\stm32f7xx_it.o
 .debug_info    0x0001e873      0xf05 Src\system_stm32f7xx.o
 .debug_info    0x0001f778       0x57 startup\startup_stm32f722xx.o

.debug_abbrev   0x00000000     0x3696
 .debug_abbrev  0x00000000      0x2f9 Drivers\STM32F7xx_HAL_Driver\Src\stm32f7xx_hal.o
 .debug_abbrev  0x000002f9      0x399 Drivers\STM32F7xx_HAL_Driver\Src\stm32f7xx_hal_cortex.o
 .debug_abbrev  0x00000692      0x268 Drivers\STM32F7xx_HAL_Driver\Src\stm32f7xx_hal_gpio.o
 .debug_abbrev  0x000008fa      0x3c9 Drivers\STM32F7xx_HAL_Driver\Src\stm32f7xx_hal_i2c.o
 .debug_abbrev  0x00000cc3      0x209 Drivers\STM32F7xx_HAL_Driver\Src\stm32f7xx_hal_i2c_ex.o
 .debug_abbrev  0x00000ecc      0x3a7 Drivers\STM32F7xx_HAL_Driver\Src\stm32f7xx_hal_pcd.o
 .debug_abbrev  0x00001273      0x25f Drivers\STM32F7xx_HAL_Driver\Src\stm32f7xx_hal_pcd_ex.o
 .debug_abbrev  0x000014d2      0x24a Drivers\STM32F7xx_HAL_Driver\Src\stm32f7xx_hal_pwr.o
 .debug_abbrev  0x0000171c      0x2b6 Drivers\STM32F7xx_HAL_Driver\Src\stm32f7xx_hal_pwr_ex.o
 .debug_abbrev  0x000019d2      0x31f Drivers\STM32F7xx_HAL_Driver\Src\stm32f7xx_hal_rcc.o
 .debug_abbrev  0x00001cf1      0x225 Drivers\STM32F7xx_HAL_Driver\Src\stm32f7xx_hal_rcc_ex.o
 .debug_abbrev  0x00001f16      0x381 Drivers\STM32F7xx_HAL_Driver\Src\stm32f7xx_hal_tim.o
 .debug_abbrev  0x00002297      0x30d Drivers\STM32F7xx_HAL_Driver\Src\stm32f7xx_hal_tim_ex.o
 .debug_abbrev  0x000025a4      0x3a6 Drivers\STM32F7xx_HAL_Driver\Src\stm32f7xx_hal_uart.o
 .debug_abbrev  0x0000294a      0x39f Drivers\STM32F7xx_HAL_Driver\Src\stm32f7xx_ll_usb.o
 .debug_abbrev  0x00002ce9      0x32b Src\main.o
 .debug_abbrev  0x00003014      0x2a9 Src\stm32f7xx_hal_msp.o
 .debug_abbrev  0x000032bd      0x1e1 Src\stm32f7xx_it.o
 .debug_abbrev  0x0000349e      0x1e6 Src\system_stm32f7xx.o
 .debug_abbrev  0x00003684       0x12 startup\startup_stm32f722xx.o

.debug_loc      0x00000000     0xc242
 .debug_loc     0x00000000      0x11b Drivers\STM32F7xx_HAL_Driver\Src\stm32f7xx_hal.o
 .debug_loc     0x0000011b      0x536 Drivers\STM32F7xx_HAL_Driver\Src\stm32f7xx_hal_cortex.o
 .debug_loc     0x00000651      0x3cd Drivers\STM32F7xx_HAL_Driver\Src\stm32f7xx_hal_gpio.o
 .debug_loc     0x00000a1e     0x31a9 Drivers\STM32F7xx_HAL_Driver\Src\stm32f7xx_hal_i2c.o
 .debug_loc     0x00003bc7      0x144 Drivers\STM32F7xx_HAL_Driver\Src\stm32f7xx_hal_i2c_ex.o
 .debug_loc     0x00003d0b      0xb15 Drivers\STM32F7xx_HAL_Driver\Src\stm32f7xx_hal_pcd.o
 .debug_loc     0x00004820      0x14d Drivers\STM32F7xx_HAL_Driver\Src\stm32f7xx_hal_pcd_ex.o
 .debug_loc     0x0000496d       0xae Drivers\STM32F7xx_HAL_Driver\Src\stm32f7xx_hal_pwr.o
 .debug_loc     0x00004a1b      0x1c2 Drivers\STM32F7xx_HAL_Driver\Src\stm32f7xx_hal_pwr_ex.o
 .debug_loc     0x00004bdd      0x3f4 Drivers\STM32F7xx_HAL_Driver\Src\stm32f7xx_hal_rcc.o
 .debug_loc     0x00004fd1      0x511 Drivers\STM32F7xx_HAL_Driver\Src\stm32f7xx_hal_rcc_ex.o
 .debug_loc     0x000054e2     0x2eb3 Drivers\STM32F7xx_HAL_Driver\Src\stm32f7xx_hal_tim.o
 .debug_loc     0x00008395      0xedc Drivers\STM32F7xx_HAL_Driver\Src\stm32f7xx_hal_tim_ex.o
 .debug_loc     0x00009271     0x131b Drivers\STM32F7xx_HAL_Driver\Src\stm32f7xx_hal_uart.o
 .debug_loc     0x0000a58c     0x1a66 Drivers\STM32F7xx_HAL_Driver\Src\stm32f7xx_ll_usb.o
 .debug_loc     0x0000bff2      0x134 Src\stm32f7xx_hal_msp.o
 .debug_loc     0x0000c126      0x11c Src\system_stm32f7xx.o

.debug_aranges  0x00000000      0xeb0
 .debug_aranges
                0x00000000       0xf8 Drivers\STM32F7xx_HAL_Driver\Src\stm32f7xx_hal.o
 .debug_aranges
                0x000000f8       0xa8 Drivers\STM32F7xx_HAL_Driver\Src\stm32f7xx_hal_cortex.o
 .debug_aranges
                0x000001a0       0x58 Drivers\STM32F7xx_HAL_Driver\Src\stm32f7xx_hal_gpio.o
 .debug_aranges
                0x000001f8      0x200 Drivers\STM32F7xx_HAL_Driver\Src\stm32f7xx_hal_i2c.o
 .debug_aranges
                0x000003f8       0x38 Drivers\STM32F7xx_HAL_Driver\Src\stm32f7xx_hal_i2c_ex.o
 .debug_aranges
                0x00000430       0xc0 Drivers\STM32F7xx_HAL_Driver\Src\stm32f7xx_hal_pcd.o
 .debug_aranges
                0x000004f0       0x40 Drivers\STM32F7xx_HAL_Driver\Src\stm32f7xx_hal_pcd_ex.o
 .debug_aranges
                0x00000530       0xa0 Drivers\STM32F7xx_HAL_Driver\Src\stm32f7xx_hal_pwr.o
 .debug_aranges
                0x000005d0       0x80 Drivers\STM32F7xx_HAL_Driver\Src\stm32f7xx_hal_pwr_ex.o
 .debug_aranges
                0x00000650       0x88 Drivers\STM32F7xx_HAL_Driver\Src\stm32f7xx_hal_rcc.o
 .debug_aranges
                0x000006d8       0x50 Drivers\STM32F7xx_HAL_Driver\Src\stm32f7xx_hal_rcc_ex.o
 .debug_aranges
                0x00000728      0x260 Drivers\STM32F7xx_HAL_Driver\Src\stm32f7xx_hal_tim.o
 .debug_aranges
                0x00000988      0x120 Drivers\STM32F7xx_HAL_Driver\Src\stm32f7xx_hal_tim_ex.o
 .debug_aranges
                0x00000aa8      0x148 Drivers\STM32F7xx_HAL_Driver\Src\stm32f7xx_hal_uart.o
 .debug_aranges
                0x00000bf0      0x190 Drivers\STM32F7xx_HAL_Driver\Src\stm32f7xx_ll_usb.o
 .debug_aranges
                0x00000d80       0x30 Src\main.o
 .debug_aranges
                0x00000db0       0x68 Src\stm32f7xx_hal_msp.o
 .debug_aranges
                0x00000e18       0x48 Src\stm32f7xx_it.o
 .debug_aranges
                0x00000e60       0x28 Src\system_stm32f7xx.o
 .debug_aranges
                0x00000e88       0x28 startup\startup_stm32f722xx.o

.debug_ranges   0x00000000     0x1288
 .debug_ranges  0x00000000       0xe8 Drivers\STM32F7xx_HAL_Driver\Src\stm32f7xx_hal.o
 .debug_ranges  0x000000e8      0x138 Drivers\STM32F7xx_HAL_Driver\Src\stm32f7xx_hal_cortex.o
 .debug_ranges  0x00000220       0x70 Drivers\STM32F7xx_HAL_Driver\Src\stm32f7xx_hal_gpio.o
 .debug_ranges  0x00000290      0x268 Drivers\STM32F7xx_HAL_Driver\Src\stm32f7xx_hal_i2c.o
 .debug_ranges  0x000004f8       0x68 Drivers\STM32F7xx_HAL_Driver\Src\stm32f7xx_hal_i2c_ex.o
 .debug_ranges  0x00000560       0xc8 Drivers\STM32F7xx_HAL_Driver\Src\stm32f7xx_hal_pcd.o
 .debug_ranges  0x00000628       0x30 Drivers\STM32F7xx_HAL_Driver\Src\stm32f7xx_hal_pcd_ex.o
 .debug_ranges  0x00000658       0x90 Drivers\STM32F7xx_HAL_Driver\Src\stm32f7xx_hal_pwr.o
 .debug_ranges  0x000006e8       0xe8 Drivers\STM32F7xx_HAL_Driver\Src\stm32f7xx_hal_pwr_ex.o
 .debug_ranges  0x000007d0       0xd8 Drivers\STM32F7xx_HAL_Driver\Src\stm32f7xx_hal_rcc.o
 .debug_ranges  0x000008a8       0x58 Drivers\STM32F7xx_HAL_Driver\Src\stm32f7xx_hal_rcc_ex.o
 .debug_ranges  0x00000900      0x318 Drivers\STM32F7xx_HAL_Driver\Src\stm32f7xx_hal_tim.o
 .debug_ranges  0x00000c18      0x110 Drivers\STM32F7xx_HAL_Driver\Src\stm32f7xx_hal_tim_ex.o
 .debug_ranges  0x00000d28      0x138 Drivers\STM32F7xx_HAL_Driver\Src\stm32f7xx_hal_uart.o
 .debug_ranges  0x00000e60      0x1a0 Drivers\STM32F7xx_HAL_Driver\Src\stm32f7xx_ll_usb.o
 .debug_ranges  0x00001000      0x148 Src\main.o
 .debug_ranges  0x00001148       0xd0 Src\stm32f7xx_hal_msp.o
 .debug_ranges  0x00001218       0x38 Src\stm32f7xx_it.o
 .debug_ranges  0x00001250       0x18 Src\system_stm32f7xx.o
 .debug_ranges  0x00001268       0x20 startup\startup_stm32f722xx.o

.debug_line     0x00000000     0x869e
 .debug_line    0x00000000      0x4c0 Drivers\STM32F7xx_HAL_Driver\Src\stm32f7xx_hal.o
 .debug_line    0x000004c0      0x4e3 Drivers\STM32F7xx_HAL_Driver\Src\stm32f7xx_hal_cortex.o
 .debug_line    0x000009a3      0x494 Drivers\STM32F7xx_HAL_Driver\Src\stm32f7xx_hal_gpio.o
 .debug_line    0x00000e37     0x159b Drivers\STM32F7xx_HAL_Driver\Src\stm32f7xx_hal_i2c.o
 .debug_line    0x000023d2      0x377 Drivers\STM32F7xx_HAL_Driver\Src\stm32f7xx_hal_i2c_ex.o
 .debug_line    0x00002749      0x7b7 Drivers\STM32F7xx_HAL_Driver\Src\stm32f7xx_hal_pcd.o
 .debug_line    0x00002f00      0x353 Drivers\STM32F7xx_HAL_Driver\Src\stm32f7xx_hal_pcd_ex.o
 .debug_line    0x00003253      0x41f Drivers\STM32F7xx_HAL_Driver\Src\stm32f7xx_hal_pwr.o
 .debug_line    0x00003672      0x43c Drivers\STM32F7xx_HAL_Driver\Src\stm32f7xx_hal_pwr_ex.o
 .debug_line    0x00003aae      0x62d Drivers\STM32F7xx_HAL_Driver\Src\stm32f7xx_hal_rcc.o
 .debug_line    0x000040db      0x4e4 Drivers\STM32F7xx_HAL_Driver\Src\stm32f7xx_hal_rcc_ex.o
 .debug_line    0x000045bf     0x12e2 Drivers\STM32F7xx_HAL_Driver\Src\stm32f7xx_hal_tim.o
 .debug_line    0x000058a1      0x927 Drivers\STM32F7xx_HAL_Driver\Src\stm32f7xx_hal_tim_ex.o
 .debug_line    0x000061c8      0xc3b Drivers\STM32F7xx_HAL_Driver\Src\stm32f7xx_hal_uart.o
 .debug_line    0x00006e03      0x9c4 Drivers\STM32F7xx_HAL_Driver\Src\stm32f7xx_ll_usb.o
 .debug_line    0x000077c7      0x512 Src\main.o
 .debug_line    0x00007cd9      0x41e Src\stm32f7xx_hal_msp.o
 .debug_line    0x000080f7      0x2b4 Src\stm32f7xx_it.o
 .debug_line    0x000083ab      0x274 Src\system_stm32f7xx.o
 .debug_line    0x0000861f       0x7f startup\startup_stm32f722xx.o

.debug_str      0x00000000     0x5c6f
 .debug_str     0x00000000      0xf82 Drivers\STM32F7xx_HAL_Driver\Src\stm32f7xx_hal.o
                               0x1023 (size before relaxing)
 .debug_str     0x00000f82      0x48e Drivers\STM32F7xx_HAL_Driver\Src\stm32f7xx_hal_cortex.o
                               0x1161 (size before relaxing)
 .debug_str     0x00001410      0x1a7 Drivers\STM32F7xx_HAL_Driver\Src\stm32f7xx_hal_gpio.o
                                0x963 (size before relaxing)
 .debug_str     0x000015b7      0xc5b Drivers\STM32F7xx_HAL_Driver\Src\stm32f7xx_hal_i2c.o
                               0x135c (size before relaxing)
 .debug_str     0x00002212       0xc4 Drivers\STM32F7xx_HAL_Driver\Src\stm32f7xx_hal_i2c_ex.o
                                0xd67 (size before relaxing)
 .debug_str     0x000022d6      0xacb Drivers\STM32F7xx_HAL_Driver\Src\stm32f7xx_hal_pcd.o
                               0x1180 (size before relaxing)
 .debug_str     0x00002da1      0x168 Drivers\STM32F7xx_HAL_Driver\Src\stm32f7xx_hal_pcd_ex.o
                                0xbb2 (size before relaxing)
 .debug_str     0x00002f09      0x240 Drivers\STM32F7xx_HAL_Driver\Src\stm32f7xx_hal_pwr.o
                                0xab5 (size before relaxing)
 .debug_str     0x00003149      0x1e4 Drivers\STM32F7xx_HAL_Driver\Src\stm32f7xx_hal_pwr_ex.o
                                0xabe (size before relaxing)
 .debug_str     0x0000332d      0x2e8 Drivers\STM32F7xx_HAL_Driver\Src\stm32f7xx_hal_rcc.o
                                0xb38 (size before relaxing)
 .debug_str     0x00003615      0x3b4 Drivers\STM32F7xx_HAL_Driver\Src\stm32f7xx_hal_rcc_ex.o
                                0xb58 (size before relaxing)
 .debug_str     0x000039c9      0xf23 Drivers\STM32F7xx_HAL_Driver\Src\stm32f7xx_hal_tim.o
                               0x1841 (size before relaxing)
 .debug_str     0x000048ec      0x598 Drivers\STM32F7xx_HAL_Driver\Src\stm32f7xx_hal_tim_ex.o
                               0x12c7 (size before relaxing)
 .debug_str     0x00004e84      0x796 Drivers\STM32F7xx_HAL_Driver\Src\stm32f7xx_hal_uart.o
                               0x1275 (size before relaxing)
 .debug_str     0x0000561a      0x406 Drivers\STM32F7xx_HAL_Driver\Src\stm32f7xx_ll_usb.o
                               0x10a3 (size before relaxing)
 .debug_str     0x00005a20      0x140 Src\main.o
                               0x1c83 (size before relaxing)
 .debug_str     0x00005b60       0x24 Src\stm32f7xx_hal_msp.o
                               0x157e (size before relaxing)
 .debug_str     0x00005b84       0xa6 Src\stm32f7xx_it.o
                                0x6b6 (size before relaxing)
 .debug_str     0x00005c2a       0x45 Src\system_stm32f7xx.o
                                0x890 (size before relaxing)

.comment        0x00000000       0x7c
 .comment       0x00000000       0x7c Drivers\STM32F7xx_HAL_Driver\Src\stm32f7xx_hal.o
                                 0x7d (size before relaxing)
 .comment       0x0000007c       0x7d Drivers\STM32F7xx_HAL_Driver\Src\stm32f7xx_hal_cortex.o
 .comment       0x0000007c       0x7d Drivers\STM32F7xx_HAL_Driver\Src\stm32f7xx_hal_gpio.o
 .comment       0x0000007c       0x7d Drivers\STM32F7xx_HAL_Driver\Src\stm32f7xx_hal_i2c.o
 .comment       0x0000007c       0x7d Drivers\STM32F7xx_HAL_Driver\Src\stm32f7xx_hal_i2c_ex.o
 .comment       0x0000007c       0x7d Drivers\STM32F7xx_HAL_Driver\Src\stm32f7xx_hal_pcd.o
 .comment       0x0000007c       0x7d Drivers\STM32F7xx_HAL_Driver\Src\stm32f7xx_hal_pcd_ex.o
 .comment       0x0000007c       0x7d Drivers\STM32F7xx_HAL_Driver\Src\stm32f7xx_hal_pwr.o
 .comment       0x0000007c       0x7d Drivers\STM32F7xx_HAL_Driver\Src\stm32f7xx_hal_pwr_ex.o
 .comment       0x0000007c       0x7d Drivers\STM32F7xx_HAL_Driver\Src\stm32f7xx_hal_rcc.o
 .comment       0x0000007c       0x7d Drivers\STM32F7xx_HAL_Driver\Src\stm32f7xx_hal_rcc_ex.o
 .comment       0x0000007c       0x7d Drivers\STM32F7xx_HAL_Driver\Src\stm32f7xx_hal_tim.o
 .comment       0x0000007c       0x7d Drivers\STM32F7xx_HAL_Driver\Src\stm32f7xx_hal_tim_ex.o
 .comment       0x0000007c       0x7d Drivers\STM32F7xx_HAL_Driver\Src\stm32f7xx_hal_uart.o
 .comment       0x0000007c       0x7d Drivers\STM32F7xx_HAL_Driver\Src\stm32f7xx_ll_usb.o
 .comment       0x0000007c       0x7d Src\main.o
 .comment       0x0000007c       0x7d Src\stm32f7xx_hal_msp.o
 .comment       0x0000007c       0x7d Src\stm32f7xx_it.o
 .comment       0x0000007c       0x7d Src\system_stm32f7xx.o

.debug_frame    0x00000000     0x2c48
 .debug_frame   0x00000000      0x210 Drivers\STM32F7xx_HAL_Driver\Src\stm32f7xx_hal.o
 .debug_frame   0x00000210      0x158 Drivers\STM32F7xx_HAL_Driver\Src\stm32f7xx_hal_cortex.o
 .debug_frame   0x00000368       0xd8 Drivers\STM32F7xx_HAL_Driver\Src\stm32f7xx_hal_gpio.o
 .debug_frame   0x00000440      0x804 Drivers\STM32F7xx_HAL_Driver\Src\stm32f7xx_hal_i2c.o
 .debug_frame   0x00000c44       0x70 Drivers\STM32F7xx_HAL_Driver\Src\stm32f7xx_hal_i2c_ex.o
 .debug_frame   0x00000cb4      0x2c8 Drivers\STM32F7xx_HAL_Driver\Src\stm32f7xx_hal_pcd.o
 .debug_frame   0x00000f7c       0x7c Drivers\STM32F7xx_HAL_Driver\Src\stm32f7xx_hal_pcd_ex.o
 .debug_frame   0x00000ff8      0x130 Drivers\STM32F7xx_HAL_Driver\Src\stm32f7xx_hal_pwr.o
 .debug_frame   0x00001128      0x13c Drivers\STM32F7xx_HAL_Driver\Src\stm32f7xx_hal_pwr_ex.o
 .debug_frame   0x00001264      0x148 Drivers\STM32F7xx_HAL_Driver\Src\stm32f7xx_hal_rcc.o
 .debug_frame   0x000013ac       0xcc Drivers\STM32F7xx_HAL_Driver\Src\stm32f7xx_hal_rcc_ex.o
 .debug_frame   0x00001478      0x87c Drivers\STM32F7xx_HAL_Driver\Src\stm32f7xx_hal_tim.o
 .debug_frame   0x00001cf4      0x3d4 Drivers\STM32F7xx_HAL_Driver\Src\stm32f7xx_hal_tim_ex.o
 .debug_frame   0x000020c8      0x424 Drivers\STM32F7xx_HAL_Driver\Src\stm32f7xx_hal_uart.o
 .debug_frame   0x000024ec      0x448 Drivers\STM32F7xx_HAL_Driver\Src\stm32f7xx_ll_usb.o
 .debug_frame   0x00002934       0x68 Src\main.o
 .debug_frame   0x0000299c      0x100 Src\stm32f7xx_hal_msp.o
 .debug_frame   0x00002a9c       0xa0 Src\stm32f7xx_it.o
 .debug_frame   0x00002b3c       0x38 Src\system_stm32f7xx.o
 .debug_frame   0x00002b74       0x2c c:/program files (x86)/atollic/truestudio for stm32 9.1.0/armtools/bin/../lib/gcc/arm-atollic-eabi/6.3.1/../../../../arm-atollic-eabi/lib/armv7e-m/fpu/fpv5-sp-d16\libc_nano.a(lib_a-init.o)
 .debug_frame   0x00002ba0       0x28 c:/program files (x86)/atollic/truestudio for stm32 9.1.0/armtools/bin/../lib/gcc/arm-atollic-eabi/6.3.1/../../../../arm-atollic-eabi/lib/armv7e-m/fpu/fpv5-sp-d16\libc_nano.a(lib_a-memcpy-stub.o)
 .debug_frame   0x00002bc8       0x20 c:/program files (x86)/atollic/truestudio for stm32 9.1.0/armtools/bin/../lib/gcc/arm-atollic-eabi/6.3.1/../../../../arm-atollic-eabi/lib/armv7e-m/fpu/fpv5-sp-d16\libc_nano.a(lib_a-memset.o)
 .debug_frame   0x00002be8       0x2c c:/program files (x86)/atollic/truestudio for stm32 9.1.0/armtools/bin/../lib/gcc/arm-atollic-eabi/6.3.1/armv7e-m/fpu/fpv5-sp-d16\libgcc.a(_aeabi_uldivmod.o)
 .debug_frame   0x00002c14       0x34 c:/program files (x86)/atollic/truestudio for stm32 9.1.0/armtools/bin/../lib/gcc/arm-atollic-eabi/6.3.1/armv7e-m/fpu/fpv5-sp-d16\libgcc.a(_udivmoddi4.o)
